// Jest Snapshot v1, https://goo.gl/fbAQLP

exports[`FlexGrid defaults 1`] = `
Array [
  Object {
    "display": "block",
    "margin": "0px auto",
    "margin-bottom": "0px",
    "margin-left": "auto",
    "margin-right": "auto",
    "margin-top": "0px",
    "overflow": "hidden",
    "position": "relative",
    "visibility": "visible",
    "width": "100%",
  },
  Object {
    "display": "block",
    "overflow": "hidden",
    "position": "relative",
    "visibility": "visible",
  },
  Object {
    "display": "block",
    "overflow": "hidden",
    "position": "relative",
    "visibility": "visible",
  },
]
`;

exports[`FlexGrid defaults 2`] = `
Array [
  Object {
    "box-sizing": "border-box",
    "display": "flex",
    "flex-basis": "25%",
    "flex-direction": "column",
    "flex-grow": "1",
    "max-width": "100%",
    "position": "relative",
    "visibility": "visible",
  },
  Object {
    "box-sizing": "border-box",
    "display": "flex",
    "flex-basis": "25%",
    "flex-direction": "column",
    "flex-grow": "1",
    "max-width": "100%",
    "position": "relative",
    "visibility": "visible",
  },
  Object {
    "box-sizing": "border-box",
    "display": "flex",
    "flex-basis": "25%",
    "flex-direction": "column",
    "flex-grow": "1",
    "max-width": "100%",
    "position": "relative",
    "visibility": "visible",
  },
  Object {
    "box-sizing": "border-box",
    "display": "flex",
    "flex-basis": "25%",
    "flex-direction": "column",
    "flex-grow": "1",
    "max-width": "100%",
    "position": "relative",
    "visibility": "visible",
  },
  Object {
    "box-sizing": "border-box",
    "display": "flex",
    "flex-basis": "25%",
    "flex-direction": "column",
    "flex-grow": "1",
    "max-width": "100%",
    "position": "relative",
    "visibility": "visible",
  },
]
`;
